2026-06-11 11:20:05,582 [INFO] ============================================================
2026-06-11 11:20:05,583 [INFO] Apartment Monitor (Playwright edition)
2026-06-11 11:20:05,583 [INFO] Interval: 1 min | Headless: True
2026-06-11 11:20:05,583 [INFO] Telegram: not configured
2026-06-11 11:20:05,584 [INFO] ============================================================
2026-06-11 11:20:06,331 [INFO] Loaded 0 previously seen listings
2026-06-11 11:20:06,851 [INFO] First run — saving baseline (no notifications)...
2026-06-11 11:20:19,019 [INFO]   [Kufar] Parsed 30 ads
2026-06-11 11:20:29,221 [INFO]   [Realt] Parsed 30 ads
2026-06-11 11:20:30,221 [INFO] Baseline: 90 listings. Monitoring started...
2026-06-11 11:21:30,222 [INFO] --- Check [11:21:30] ---
2026-06-11 11:21:30,222 [INFO] Checking Kufar...
2026-06-11 11:21:39,271 [INFO]   [Kufar] Parsed 30 ads
2026-06-11 11:21:39,276 [INFO] Checking Realt.by...
2026-06-11 11:21:44,876 [INFO]   [Realt] Parsed 30 ads
2026-06-11 11:21:45,366 [INFO] Checking Onliner...
2026-06-11 11:21:46,550 [INFO] No new listings.
2026-06-11 11:22:46,550 [INFO] --- Check [11:22:46] ---
2026-06-11 11:22:46,551 [INFO] Checking Kufar...
2026-06-11 11:22:51,185 [INFO]   [Kufar] Parsed 30 ads
2026-06-11 11:22:51,192 [INFO]   NEW [Kufar]: Снять 1-комнатную квартиру, г. Минск, ул. Городецкая, 32 — —
2026-06-11 11:22:51,192 [INFO]      https://re.kufar.by/vi/1072602094
2026-06-11 11:22:51,226 [INFO] Checking Realt.by...
2026-06-11 11:22:53,659 [INFO]   [Realt] Parsed 30 ads
2026-06-11 11:22:54,099 [INFO] Checking Onliner...
2026-06-11 11:22:54,991 [INFO]   NEW [Onliner]: студия, Минск, улица Воронянского, 11 к4 — $378.69/мес
2026-06-11 11:22:54,992 [INFO]      https://r.onliner.by/ak/apartments/969688
2026-06-11 11:23:55,010 [INFO] --- Check [11:23:55] ---
2026-06-11 11:23:55,011 [INFO] Checking Kufar...
2026-06-11 11:23:58,781 [INFO]   [Kufar] Parsed 30 ads
2026-06-11 11:23:58,791 [INFO] Checking Realt.by...
2026-06-11 11:24:03,348 [INFO]   [Realt] Parsed 30 ads
2026-06-11 11:24:03,749 [INFO] Checking Onliner...
2026-06-11 11:24:05,259 [INFO] No new listings.
2026-06-11 11:25:05,260 [INFO] --- Check [11:25:05] ---
2026-06-11 11:25:05,261 [INFO] Checking Kufar...
2026-06-11 11:25:08,265 [INFO]   [Kufar] Parsed 30 ads
2026-06-11 11:25:08,272 [INFO] Checking Realt.by...
2026-06-11 11:25:13,028 [INFO]   [Realt] Parsed 30 ads
2026-06-11 11:25:13,427 [INFO] Checking Onliner...
2026-06-11 11:25:14,648 [INFO] No new listings.
2026-06-11 11:26:14,648 [INFO] --- Check [11:26:14] ---
2026-06-11 11:26:14,649 [INFO] Checking Kufar...
2026-06-11 11:26:19,600 [INFO]   [Kufar] Parsed 30 ads
2026-06-11 11:26:19,604 [INFO] Checking Realt.by...
2026-06-11 11:26:21,936 [INFO]   [Realt] Parsed 30 ads
2026-06-11 11:26:22,041 [INFO] Checking Onliner...
2026-06-11 11:26:22,791 [INFO] No new listings.
2026-06-11 11:27:22,792 [INFO] --- Check [11:27:22] ---
2026-06-11 11:27:22,792 [INFO] Checking Kufar...
2026-06-11 11:27:26,005 [INFO]   [Kufar] Parsed 30 ads
2026-06-11 11:27:26,013 [INFO] Checking Realt.by...
2026-06-11 11:27:27,701 [INFO]   [Realt] Parsed 30 ads
2026-06-11 11:27:28,027 [INFO] Checking Onliner...
2026-06-11 11:27:28,669 [INFO] No new listings.
2026-06-11 11:28:28,670 [INFO] --- Check [11:28:28] ---
2026-06-11 11:28:28,670 [INFO] Checking Kufar...
2026-06-11 11:28:34,610 [INFO]   [Kufar] Parsed 30 ads
2026-06-11 11:28:34,616 [INFO] Checking Realt.by...
2026-06-11 11:28:36,489 [INFO]   [Realt] Parsed 30 ads
2026-06-11 11:28:36,823 [INFO] Checking Onliner...
2026-06-11 11:28:37,945 [INFO] No new listings.
2026-06-11 11:29:37,946 [INFO] --- Check [11:29:37] ---
2026-06-11 11:29:37,946 [INFO] Checking Kufar...
2026-06-11 11:29:40,606 [INFO]   [Kufar] Parsed 30 ads
2026-06-11 11:29:40,610 [INFO] Checking Realt.by...
2026-06-11 11:29:42,150 [INFO]   [Realt] Parsed 30 ads
2026-06-11 11:29:42,466 [INFO] Checking Onliner...
2026-06-11 11:29:43,656 [INFO] No new listings.
2026-06-11 11:30:43,657 [INFO] --- Check [11:30:43] ---
2026-06-11 11:30:43,657 [INFO] Checking Kufar...
2026-06-11 11:30:46,702 [INFO]   [Kufar] Parsed 30 ads
2026-06-11 11:30:46,717 [INFO] Checking Realt.by...
2026-06-11 11:30:48,843 [INFO]   [Realt] Parsed 30 ads
2026-06-11 11:30:49,280 [INFO] Checking Onliner...
2026-06-11 11:30:50,551 [INFO] No new listings.
2026-06-11 11:31:50,552 [INFO] --- Check [11:31:50] ---
2026-06-11 11:31:50,552 [INFO] Checking Kufar...
2026-06-11 11:31:53,752 [INFO]   [Kufar] Parsed 30 ads
2026-06-11 11:31:53,756 [INFO] Checking Realt.by...
2026-06-11 11:31:55,860 [INFO]   [Realt] Parsed 30 ads
2026-06-11 11:31:56,226 [INFO] Checking Onliner...
2026-06-11 11:31:59,865 [INFO] No new listings.
2026-06-11 11:32:59,866 [INFO] --- Check [11:32:59] ---
2026-06-11 11:32:59,866 [INFO] Checking Kufar...
2026-06-11 11:33:04,053 [INFO]   [Kufar] Parsed 30 ads
2026-06-11 11:33:04,057 [INFO]   NEW [Kufar]: Сдается 1-комнатная квартира — —
2026-06-11 11:33:04,058 [INFO]      https://re.kufar.by/vi/1070400906
2026-06-11 11:33:04,080 [INFO] Checking Realt.by...
2026-06-11 11:33:05,993 [INFO]   [Realt] Parsed 30 ads
2026-06-11 11:33:06,311 [INFO] Checking Onliner...
2026-06-11 11:34:27,636 [INFO] --- Check [11:34:27] ---
2026-06-11 11:34:27,636 [INFO] Checking Kufar...
2026-06-11 11:34:30,484 [INFO]   [Kufar] Parsed 30 ads
2026-06-11 11:34:30,489 [INFO] Checking Realt.by...
2026-06-11 11:34:32,601 [INFO]   [Realt] Parsed 30 ads
2026-06-11 11:34:32,990 [INFO] Checking Onliner...
2026-06-11 11:34:35,160 [INFO] No new listings.
2026-06-11 11:35:35,160 [INFO] --- Check [11:35:35] ---
2026-06-11 11:35:35,161 [INFO] Checking Kufar...
2026-06-11 11:35:37,728 [INFO]   [Kufar] Parsed 30 ads
2026-06-11 11:35:37,732 [INFO] Checking Realt.by...
2026-06-11 11:35:41,446 [INFO]   [Realt] Parsed 30 ads
2026-06-11 11:35:41,843 [INFO] Checking Onliner...
2026-06-11 11:35:42,596 [INFO] No new listings.
2026-06-11 11:36:42,597 [INFO] --- Check [11:36:42] ---
2026-06-11 11:36:42,597 [INFO] Checking Kufar...
2026-06-11 11:36:46,763 [INFO]   [Kufar] Parsed 30 ads
2026-06-11 11:36:46,775 [INFO] Checking Realt.by...
2026-06-11 11:36:49,017 [INFO]   [Realt] Parsed 30 ads
2026-06-11 11:36:49,472 [INFO] Checking Onliner...
2026-06-11 11:36:52,397 [INFO] No new listings.
2026-06-11 11:37:52,398 [INFO] --- Check [11:37:52] ---
2026-06-11 11:37:52,399 [INFO] Checking Kufar...
2026-06-11 11:37:58,709 [INFO]   [Kufar] Parsed 30 ads
2026-06-11 11:37:58,713 [INFO] Checking Realt.by...
2026-06-11 11:38:00,084 [INFO]   [Realt] Parsed 30 ads
2026-06-11 11:38:00,449 [INFO] Checking Onliner...
2026-06-11 11:38:03,606 [INFO] No new listings.
2026-06-11 11:39:03,606 [INFO] --- Check [11:39:03] ---
2026-06-11 11:39:03,607 [INFO] Checking Kufar...
2026-06-11 11:39:07,235 [INFO]   [Kufar] Parsed 30 ads
2026-06-11 11:39:07,240 [INFO] Checking Realt.by...
2026-06-11 11:39:10,076 [INFO]   [Realt] Parsed 30 ads
2026-06-11 11:39:10,181 [INFO] Checking Onliner...
2026-06-11 11:39:12,829 [INFO] No new listings.
2026-06-11 11:39:55,590 [INFO] Stopped.
2026-06-11 11:42:49,612 [INFO] ============================================================
2026-06-11 11:42:49,612 [INFO] Apartment Monitor (Playwright edition)
2026-06-11 11:42:49,612 [INFO] Interval: 1 min | Headless: True
2026-06-11 11:42:49,612 [INFO] Telegram: configured
2026-06-11 11:42:49,612 [INFO] ============================================================
2026-06-11 11:42:50,376 [INFO] Loaded 93 previously seen listings
2026-06-11 11:43:50,842 [INFO] --- Check [11:43:50] ---
2026-06-11 11:43:50,842 [INFO] Checking Kufar...
2026-06-11 11:43:59,446 [INFO]   [Kufar] Parsed 30 ads
2026-06-11 11:43:59,452 [INFO] Checking Realt.by...
2026-06-11 11:44:05,328 [INFO]   [Realt] Parsed 30 ads
2026-06-11 11:44:05,333 [INFO] Checking Onliner...
2026-06-11 11:44:06,924 [INFO]   NEW [Onliner]: студия, Хацежынскі сельскі Савет, Tabary, Цэнтральная вуліца, 23 — $144.26/мес
2026-06-11 11:44:06,924 [INFO]      https://r.onliner.by/ak/apartments/969486
2026-06-11 11:45:11,000 [INFO] --- Check [11:45:11] ---
2026-06-11 11:45:11,001 [INFO] Checking Kufar...
2026-06-11 11:45:14,566 [INFO]   [Kufar] Parsed 30 ads
2026-06-11 11:45:14,571 [INFO] Checking Realt.by...
2026-06-11 11:45:22,085 [INFO]   [Realt] Parsed 30 ads
2026-06-11 11:45:22,090 [INFO] Checking Onliner...
2026-06-11 11:45:24,237 [INFO] No new listings.
2026-06-11 11:46:24,238 [INFO] --- Check [11:46:24] ---
2026-06-11 11:46:24,238 [INFO] Checking Kufar...
2026-06-11 11:46:27,405 [INFO]   [Kufar] Parsed 30 ads
2026-06-11 11:46:27,410 [INFO] Checking Realt.by...
2026-06-11 11:46:30,731 [INFO]   [Realt] Parsed 30 ads
2026-06-11 11:46:30,736 [INFO] Checking Onliner...
2026-06-11 11:46:31,725 [INFO] No new listings.
2026-06-11 11:47:31,726 [INFO] --- Check [11:47:31] ---
2026-06-11 11:47:31,726 [INFO] Checking Kufar...
2026-06-11 11:47:35,053 [INFO]   [Kufar] Parsed 30 ads
2026-06-11 11:47:35,058 [INFO] Checking Realt.by...
2026-06-11 11:47:37,259 [INFO]   [Realt] Parsed 30 ads
2026-06-11 11:47:37,263 [INFO] Checking Onliner...
2026-06-11 11:47:38,631 [INFO] No new listings.
2026-06-11 11:48:38,631 [INFO] --- Check [11:48:38] ---
2026-06-11 11:48:38,632 [INFO] Checking Kufar...
2026-06-11 11:48:41,768 [INFO]   [Kufar] Parsed 30 ads
2026-06-11 11:48:41,777 [INFO] Checking Realt.by...
2026-06-11 11:48:43,996 [INFO]   [Realt] Parsed 30 ads
2026-06-11 11:48:44,000 [INFO] Checking Onliner...
2026-06-11 11:48:45,144 [INFO] No new listings.
2026-06-11 11:49:45,145 [INFO] --- Check [11:49:45] ---
2026-06-11 11:49:45,145 [INFO] Checking Kufar...
2026-06-11 11:49:48,212 [INFO]   [Kufar] Parsed 30 ads
2026-06-11 11:49:48,216 [INFO]   NEW [Kufar]: 1комн.квартира ул.Казинца 39,Октябрьский район — —
2026-06-11 11:49:48,217 [INFO]      https://re.kufar.by/vi/1072577593
2026-06-11 11:49:49,963 [INFO] Checking Realt.by...
2026-06-11 11:49:52,097 [INFO]   [Realt] Parsed 30 ads
2026-06-11 11:49:52,102 [INFO] Checking Onliner...
2026-06-11 11:50:53,340 [INFO] --- Check [11:50:53] ---
2026-06-11 11:50:53,341 [INFO] Checking Kufar...
2026-06-11 11:50:55,838 [INFO]   [Kufar] Parsed 30 ads
2026-06-11 11:50:55,841 [INFO] Checking Realt.by...
2026-06-11 11:50:57,587 [INFO]   [Realt] Parsed 30 ads
2026-06-11 11:50:57,591 [INFO] Checking Onliner...
2026-06-11 11:50:58,319 [INFO] No new listings.
2026-06-11 11:51:00,581 [INFO] Stopped.
2026-06-11 11:55:03,272 [INFO] ============================================================
2026-06-11 11:55:03,273 [INFO] Apartment Monitor (Playwright edition)
2026-06-11 11:55:03,273 [INFO] Interval: 1 min | Headless: True
2026-06-11 11:55:03,273 [INFO] Telegram: configured
2026-06-11 11:55:03,273 [INFO] ============================================================
2026-06-11 11:55:05,591 [INFO] Loaded 95 previously seen listings
2026-06-11 11:56:06,076 [INFO] --- Check [11:56:06] ---
2026-06-11 11:56:06,076 [INFO] Checking Kufar...
2026-06-11 11:56:11,578 [INFO]   [Kufar] Parsed 30 ads
2026-06-11 11:56:11,594 [INFO] Checking Realt.by...
2026-06-11 11:56:12,129 [INFO]   [Realt] Parsed 30 ads
2026-06-11 11:56:12,471 [INFO] Checking Onliner...
2026-06-11 11:56:12,996 [INFO]   NEW [Onliner]: студия, Minsk, вуліца Міхася Лынькова, 13 — $306.56/мес
2026-06-11 11:56:12,997 [INFO]      https://r.onliner.by/ak/apartments/969644
2026-06-11 11:57:13,446 [INFO] --- Check [11:57:13] ---
2026-06-11 11:57:13,446 [INFO] Checking Kufar...
2026-06-11 11:57:16,612 [INFO]   [Kufar] Parsed 30 ads
2026-06-11 11:57:16,625 [INFO] Checking Realt.by...
2026-06-11 11:57:17,258 [INFO]   [Realt] Parsed 30 ads
2026-06-11 11:57:17,765 [INFO] Checking Onliner...
2026-06-11 11:57:18,206 [INFO] No new listings.
2026-06-11 11:58:18,207 [INFO] --- Check [11:58:18] ---
2026-06-11 11:58:18,207 [INFO] Checking Kufar...
2026-06-11 11:58:20,367 [INFO]   [Kufar] Parsed 30 ads
2026-06-11 11:58:20,379 [INFO] Checking Realt.by...
2026-06-11 11:58:20,908 [INFO]   [Realt] Parsed 30 ads
2026-06-11 11:58:21,222 [INFO] Checking Onliner...
2026-06-11 11:58:21,566 [INFO] No new listings.
2026-06-11 11:59:21,567 [INFO] --- Check [11:59:21] ---
2026-06-11 11:59:21,567 [INFO] Checking Kufar...
2026-06-11 11:59:23,752 [INFO]   [Kufar] Parsed 30 ads
2026-06-11 11:59:23,765 [INFO] Checking Realt.by...
2026-06-11 11:59:24,281 [INFO]   [Realt] Parsed 30 ads
2026-06-11 11:59:24,595 [INFO] Checking Onliner...
2026-06-11 11:59:24,948 [INFO] No new listings.
2026-06-11 12:00:24,948 [INFO] --- Check [12:00:24] ---
2026-06-11 12:00:24,949 [INFO] Checking Kufar...
2026-06-11 12:00:27,026 [INFO]   [Kufar] Parsed 30 ads
2026-06-11 12:00:27,032 [INFO] Checking Realt.by...
2026-06-11 12:00:27,622 [INFO]   [Realt] Parsed 30 ads
2026-06-11 12:00:27,938 [INFO] Checking Onliner...
2026-06-11 12:00:28,288 [INFO] No new listings.
2026-06-11 12:01:28,289 [INFO] --- Check [12:01:28] ---
2026-06-11 12:01:28,289 [INFO] Checking Kufar...
2026-06-11 12:01:30,625 [INFO]   [Kufar] Parsed 30 ads
2026-06-11 12:01:30,629 [INFO] Checking Realt.by...
2026-06-11 12:01:31,157 [INFO]   [Realt] Parsed 30 ads
2026-06-11 12:01:31,467 [INFO] Checking Onliner...
2026-06-11 12:01:31,818 [INFO] No new listings.
2026-06-11 12:02:31,819 [INFO] --- Check [12:02:31] ---
2026-06-11 12:02:31,819 [INFO] Checking Kufar...
2026-06-11 12:02:34,074 [INFO]   [Kufar] Parsed 30 ads
2026-06-11 12:02:34,081 [INFO] Checking Realt.by...
2026-06-11 12:02:34,626 [INFO]   [Realt] Parsed 30 ads
2026-06-11 12:02:34,942 [INFO] Checking Onliner...
2026-06-11 12:02:35,279 [INFO] No new listings.
2026-06-11 12:03:35,280 [INFO] --- Check [12:03:35] ---
2026-06-11 12:03:35,280 [INFO] Checking Kufar...
2026-06-11 12:03:38,277 [INFO]   [Kufar] Parsed 30 ads
2026-06-11 12:03:38,285 [INFO] Checking Realt.by...
2026-06-11 12:03:38,819 [INFO]   [Realt] Parsed 30 ads
2026-06-11 12:03:39,138 [INFO] Checking Onliner...
2026-06-11 12:03:39,510 [INFO] No new listings.
2026-06-11 12:04:39,511 [INFO] --- Check [12:04:39] ---
2026-06-11 12:04:39,511 [INFO] Checking Kufar...
2026-06-11 12:04:43,716 [INFO]   [Kufar] Parsed 30 ads
2026-06-11 12:04:43,738 [INFO] Checking Realt.by...
2026-06-11 12:04:44,518 [INFO]   [Realt] Parsed 30 ads
2026-06-11 12:04:45,005 [INFO] Checking Onliner...
2026-06-11 12:04:45,481 [INFO] No new listings.
2026-06-11 12:05:45,482 [INFO] --- Check [12:05:45] ---
2026-06-11 12:05:45,483 [INFO] Checking Kufar...
2026-06-11 12:05:48,046 [INFO]   [Kufar] Parsed 30 ads
2026-06-11 12:05:48,054 [INFO] Checking Realt.by...
2026-06-11 12:05:48,682 [INFO]   [Realt] Parsed 30 ads
2026-06-11 12:05:49,062 [INFO] Checking Onliner...
2026-06-11 12:05:49,442 [INFO] No new listings.
2026-06-11 12:06:49,442 [INFO] --- Check [12:06:49] ---
2026-06-11 12:06:49,443 [INFO] Checking Kufar...
2026-06-11 12:06:51,692 [INFO]   [Kufar] Parsed 30 ads
2026-06-11 12:06:51,696 [INFO] Checking Realt.by...
2026-06-11 12:06:52,226 [INFO]   [Realt] Parsed 30 ads
2026-06-11 12:06:52,564 [INFO] Checking Onliner...
2026-06-11 12:06:53,082 [INFO] No new listings.
2026-06-11 12:07:53,083 [INFO] --- Check [12:07:53] ---
2026-06-11 12:07:53,083 [INFO] Checking Kufar...
2026-06-11 12:07:55,346 [INFO]   [Kufar] Parsed 29 ads
2026-06-11 12:07:55,352 [INFO] Checking Realt.by...
2026-06-11 12:07:55,915 [INFO]   [Realt] Parsed 30 ads
2026-06-11 12:07:56,257 [INFO] Checking Onliner...
2026-06-11 12:07:56,625 [INFO] No new listings.
2026-06-11 12:08:56,625 [INFO] --- Check [12:08:56] ---
2026-06-11 12:08:56,626 [INFO] Checking Kufar...
2026-06-11 12:08:58,893 [INFO]   [Kufar] Parsed 30 ads
2026-06-11 12:08:58,901 [INFO] Checking Realt.by...
2026-06-11 12:08:59,442 [INFO]   [Realt] Parsed 30 ads
2026-06-11 12:08:59,781 [INFO] Checking Onliner...
2026-06-11 12:09:00,203 [INFO] No new listings.
2026-06-11 12:10:00,204 [INFO] --- Check [12:10:00] ---
2026-06-11 12:10:00,204 [INFO] Checking Kufar...
2026-06-11 12:10:02,653 [INFO]   [Kufar] Parsed 30 ads
2026-06-11 12:10:02,665 [INFO] Checking Realt.by...
2026-06-11 12:10:03,237 [INFO]   [Realt] Parsed 30 ads
2026-06-11 12:10:03,578 [INFO] Checking Onliner...
2026-06-11 12:10:03,995 [INFO] No new listings.
2026-06-11 12:11:03,996 [INFO] --- Check [12:11:03] ---
2026-06-11 12:11:03,996 [INFO] Checking Kufar...
2026-06-11 12:11:06,835 [INFO]   [Kufar] Parsed 30 ads
2026-06-11 12:11:06,847 [INFO] Checking Realt.by...
2026-06-11 12:11:07,547 [INFO]   [Realt] Parsed 30 ads
2026-06-11 12:11:07,894 [INFO] Checking Onliner...
2026-06-11 12:11:08,265 [INFO] No new listings.
2026-06-11 12:12:08,266 [INFO] --- Check [12:12:08] ---
2026-06-11 12:12:08,266 [INFO] Checking Kufar...
2026-06-11 12:12:10,492 [INFO]   [Kufar] Parsed 30 ads
2026-06-11 12:12:10,503 [INFO] Checking Realt.by...
2026-06-11 12:12:11,631 [INFO]   [Realt] Parsed 30 ads
2026-06-11 12:12:11,781 [INFO] Checking Onliner...
2026-06-11 12:12:12,166 [INFO] No new listings.
2026-06-11 12:13:12,166 [INFO] --- Check [12:13:12] ---
2026-06-11 12:13:12,166 [INFO] Checking Kufar...
2026-06-11 12:13:14,445 [INFO]   [Kufar] Parsed 30 ads
2026-06-11 12:13:14,455 [INFO] Checking Realt.by...
2026-06-11 12:13:15,044 [INFO]   [Realt] Parsed 30 ads
2026-06-11 12:13:15,375 [INFO] Checking Onliner...
2026-06-11 12:13:15,737 [INFO] No new listings.
2026-06-11 12:14:15,738 [INFO] --- Check [12:14:15] ---
2026-06-11 12:14:15,738 [INFO] Checking Kufar...
2026-06-11 12:14:18,106 [INFO]   [Kufar] Parsed 30 ads
2026-06-11 12:14:18,114 [INFO] Checking Realt.by...
2026-06-11 12:14:18,663 [INFO]   [Realt] Parsed 30 ads
2026-06-11 12:14:19,004 [INFO] Checking Onliner...
2026-06-11 12:14:19,358 [INFO] No new listings.
2026-06-11 12:15:19,359 [INFO] --- Check [12:15:19] ---
2026-06-11 12:15:19,359 [INFO] Checking Kufar...
2026-06-11 12:15:21,554 [INFO]   [Kufar] Parsed 30 ads
2026-06-11 12:15:21,562 [INFO] Checking Realt.by...
2026-06-11 12:15:22,133 [INFO]   [Realt] Parsed 30 ads
2026-06-11 12:15:22,470 [INFO] Checking Onliner...
2026-06-11 12:15:22,850 [INFO] No new listings.
2026-06-11 12:16:22,850 [INFO] --- Check [12:16:22] ---
2026-06-11 12:16:22,851 [INFO] Checking Kufar...
2026-06-11 12:16:25,370 [INFO]   [Kufar] Parsed 30 ads
2026-06-11 12:16:25,391 [INFO] Checking Realt.by...
2026-06-11 12:16:26,044 [INFO]   [Realt] Parsed 30 ads
2026-06-11 12:16:26,415 [INFO] Checking Onliner...
2026-06-11 12:16:26,760 [INFO] No new listings.
2026-06-11 12:17:26,762 [INFO] --- Check [12:17:26] ---
2026-06-11 12:17:26,762 [INFO] Checking Kufar...
2026-06-11 12:17:29,211 [INFO]   [Kufar] Parsed 30 ads
2026-06-11 12:17:29,230 [INFO] Checking Realt.by...
2026-06-11 12:17:29,767 [INFO]   [Realt] Parsed 30 ads
2026-06-11 12:17:30,112 [INFO] Checking Onliner...
2026-06-11 12:17:30,531 [INFO] No new listings.
2026-06-11 12:18:30,531 [INFO] --- Check [12:18:30] ---
2026-06-11 12:18:30,532 [INFO] Checking Kufar...
2026-06-11 12:18:32,832 [INFO]   [Kufar] Parsed 30 ads
2026-06-11 12:18:32,842 [INFO] Checking Realt.by...
2026-06-11 12:18:33,376 [INFO]   [Realt] Parsed 30 ads
2026-06-11 12:18:33,713 [INFO] Checking Onliner...
2026-06-11 12:18:34,070 [INFO] No new listings.
2026-06-11 12:19:34,071 [INFO] --- Check [12:19:34] ---
2026-06-11 12:19:34,072 [INFO] Checking Kufar...
2026-06-11 12:19:36,391 [INFO]   [Kufar] Parsed 30 ads
2026-06-11 12:19:36,400 [INFO] Checking Realt.by...
2026-06-11 12:19:36,963 [INFO]   [Realt] Parsed 30 ads
2026-06-11 12:19:37,297 [INFO] Checking Onliner...
2026-06-11 12:19:37,671 [INFO] No new listings.
2026-06-11 12:20:37,672 [INFO] --- Check [12:20:37] ---
2026-06-11 12:20:37,673 [INFO] Checking Kufar...
2026-06-11 12:20:40,337 [INFO]   [Kufar] Parsed 30 ads
2026-06-11 12:20:40,351 [INFO] Checking Realt.by...
2026-06-11 12:20:41,079 [INFO]   [Realt] Parsed 30 ads
2026-06-11 12:20:41,475 [INFO] Checking Onliner...
2026-06-11 12:20:41,842 [INFO] No new listings.
2026-06-11 12:21:41,843 [INFO] --- Check [12:21:41] ---
2026-06-11 12:21:41,843 [INFO] Checking Kufar...
2026-06-11 12:21:44,188 [INFO]   [Kufar] Parsed 30 ads
2026-06-11 12:21:44,198 [INFO]   NEW [Kufar]: Сдам однокомнатную квартиру — —
2026-06-11 12:21:44,198 [INFO]      https://re.kufar.by/vi/1072699103
2026-06-11 12:21:44,700 [INFO] Checking Realt.by...
2026-06-11 12:21:45,383 [INFO]   [Realt] Parsed 30 ads
2026-06-11 12:21:45,801 [INFO] Checking Onliner...
2026-06-11 12:22:46,182 [INFO] --- Check [12:22:46] ---
2026-06-11 12:22:46,183 [INFO] Checking Kufar...
2026-06-11 12:22:48,810 [INFO]   [Kufar] Parsed 30 ads
2026-06-11 12:22:48,816 [INFO] Checking Realt.by...
2026-06-11 12:22:49,373 [INFO]   [Realt] Parsed 30 ads
2026-06-11 12:22:49,717 [INFO] Checking Onliner...
2026-06-11 12:22:50,152 [INFO]   NEW [Onliner]: студия, Минск, улица Притыцкого, 54 — $325.00/мес
2026-06-11 12:22:50,152 [INFO]      https://r.onliner.by/ak/apartments/969691
2026-06-11 12:23:50,584 [INFO] --- Check [12:23:50] ---
2026-06-11 12:23:50,585 [INFO] Checking Kufar...
2026-06-11 12:23:53,182 [INFO]   [Kufar] Parsed 30 ads
2026-06-11 12:23:53,201 [INFO] Checking Realt.by...
2026-06-11 12:23:53,757 [INFO]   [Realt] Parsed 30 ads
2026-06-11 12:23:54,108 [INFO] Checking Onliner...
2026-06-11 12:23:54,903 [INFO] No new listings.
2026-06-11 12:24:54,904 [INFO] --- Check [12:24:54] ---
2026-06-11 12:24:54,905 [INFO] Checking Kufar...
2026-06-11 12:24:57,711 [INFO]   [Kufar] Parsed 30 ads
2026-06-11 12:24:57,724 [INFO] Checking Realt.by...
2026-06-11 12:24:58,295 [INFO]   [Realt] Parsed 30 ads
2026-06-11 12:24:58,627 [INFO] Checking Onliner...
2026-06-11 12:24:58,974 [INFO] No new listings.
2026-06-11 12:25:58,975 [INFO] --- Check [12:25:58] ---
2026-06-11 12:25:58,975 [INFO] Checking Kufar...
2026-06-11 12:26:01,325 [INFO]   [Kufar] Parsed 30 ads
2026-06-11 12:26:01,347 [INFO] Checking Realt.by...
2026-06-11 12:26:01,949 [INFO]   [Realt] Parsed 30 ads
2026-06-11 12:26:02,264 [INFO] Checking Onliner...
2026-06-11 12:26:02,616 [INFO] No new listings.
2026-06-11 12:27:02,617 [INFO] --- Check [12:27:02] ---
2026-06-11 12:27:02,618 [INFO] Checking Kufar...
2026-06-11 12:27:05,175 [INFO]   [Kufar] Parsed 30 ads
2026-06-11 12:27:05,192 [INFO] Checking Realt.by...
2026-06-11 12:27:05,876 [INFO]   [Realt] Parsed 30 ads
2026-06-11 12:27:06,275 [INFO] Checking Onliner...
2026-06-11 12:27:06,868 [INFO] No new listings.
2026-06-11 12:28:06,869 [INFO] --- Check [12:28:06] ---
2026-06-11 12:28:06,869 [INFO] Checking Kufar...
2026-06-11 12:28:08,993 [INFO]   [Kufar] Parsed 30 ads
2026-06-11 12:28:08,998 [INFO] Checking Realt.by...
2026-06-11 12:28:09,850 [INFO]   [Realt] Parsed 30 ads
2026-06-11 12:28:09,981 [INFO] Checking Onliner...
2026-06-11 12:28:10,329 [INFO] No new listings.
2026-06-11 12:29:10,330 [INFO] --- Check [12:29:10] ---
2026-06-11 12:29:10,330 [INFO] Checking Kufar...
2026-06-11 12:29:12,679 [INFO]   [Kufar] Parsed 30 ads
2026-06-11 12:29:12,689 [INFO] Checking Realt.by...
2026-06-11 12:29:13,654 [INFO]   [Realt] Parsed 30 ads
2026-06-11 12:29:13,780 [INFO] Checking Onliner...
2026-06-11 12:29:14,189 [INFO] No new listings.
2026-06-11 12:30:14,190 [INFO] --- Check [12:30:14] ---
2026-06-11 12:30:14,190 [INFO] Checking Kufar...
2026-06-11 12:30:16,658 [INFO]   [Kufar] Parsed 30 ads
2026-06-11 12:30:16,667 [INFO] Checking Realt.by...
2026-06-11 12:30:17,207 [INFO]   [Realt] Parsed 30 ads
2026-06-11 12:30:17,531 [INFO] Checking Onliner...
2026-06-11 12:30:17,997 [INFO] No new listings.
2026-06-11 12:31:17,998 [INFO] --- Check [12:31:17] ---
2026-06-11 12:31:17,999 [INFO] Checking Kufar...
2026-06-11 12:31:20,488 [INFO]   [Kufar] Parsed 30 ads
2026-06-11 12:31:20,494 [INFO] Checking Realt.by...
2026-06-11 12:31:21,057 [INFO]   [Realt] Parsed 30 ads
2026-06-11 12:31:21,377 [INFO] Checking Onliner...
2026-06-11 12:31:21,748 [INFO] No new listings.
2026-06-11 12:32:21,749 [INFO] --- Check [12:32:21] ---
2026-06-11 12:32:21,750 [INFO] Checking Kufar...
2026-06-11 12:32:24,214 [INFO]   [Kufar] Parsed 30 ads
2026-06-11 12:32:24,220 [INFO] Checking Realt.by...
2026-06-11 12:32:24,825 [INFO]   [Realt] Parsed 30 ads
2026-06-11 12:32:25,160 [INFO] Checking Onliner...
2026-06-11 12:32:25,528 [INFO]   NEW [Onliner]: студия, Минск, улица Голубева, 14 — $125.00/мес
2026-06-11 12:32:25,529 [INFO]      https://r.onliner.by/ak/apartments/969693
2026-06-11 12:33:16,027 [INFO] Stopped.
2026-06-11 12:35:52,423 [INFO] ============================================================
2026-06-11 12:35:52,424 [INFO] Apartment Monitor (Playwright edition)
2026-06-11 12:35:52,424 [INFO] Interval: 1 min | Headless: True
2026-06-11 12:35:52,424 [INFO] Telegram: configured
2026-06-11 12:35:52,424 [INFO] ============================================================
2026-06-11 12:35:53,807 [INFO] Loaded 99 previously seen listings
2026-06-11 12:36:54,294 [INFO] --- Check [12:36:54] ---
2026-06-11 12:36:54,294 [INFO] Checking Kufar...
2026-06-11 12:36:56,891 [INFO]   [Kufar] Parsed 30 ads
2026-06-11 12:36:56,904 [INFO] Checking Realt.by...
2026-06-11 12:36:57,476 [INFO]   [Realt] Parsed 30 ads
2026-06-11 12:36:57,831 [INFO] Checking Onliner...
2026-06-11 12:36:58,202 [INFO] No new listings.
2026-06-11 12:37:58,203 [INFO] --- Check [12:37:58] ---
2026-06-11 12:37:58,204 [INFO] Checking Kufar...
2026-06-11 12:38:00,711 [INFO]   [Kufar] Parsed 30 ads
2026-06-11 12:38:00,722 [INFO] Checking Realt.by...
2026-06-11 12:38:01,711 [INFO]   [Realt] Parsed 30 ads
2026-06-11 12:38:02,219 [INFO] Checking Onliner...
2026-06-11 12:38:02,683 [INFO] No new listings.
2026-06-11 12:39:02,683 [INFO] --- Check [12:39:02] ---
2026-06-11 12:39:02,684 [INFO] Checking Kufar...
2026-06-11 12:39:04,973 [INFO]   [Kufar] Parsed 30 ads
2026-06-11 12:39:04,978 [INFO] Checking Realt.by...
2026-06-11 12:39:05,548 [INFO]   [Realt] Parsed 30 ads
2026-06-11 12:39:05,892 [INFO] Checking Onliner...
2026-06-11 12:39:06,253 [INFO]   NEW [Onliner]: студия, Минск, улица Притыцкого, 112 — $330.00/мес
2026-06-11 12:39:06,253 [INFO]      https://r.onliner.by/ak/apartments/969694
2026-06-11 12:40:06,274 [INFO] --- Check [12:40:06] ---
2026-06-11 12:40:06,275 [INFO] Checking Kufar...
2026-06-11 12:40:08,707 [INFO]   [Kufar] Parsed 30 ads
2026-06-11 12:40:08,716 [INFO] Checking Realt.by...
2026-06-11 12:40:09,294 [INFO]   [Realt] Parsed 30 ads
2026-06-11 12:40:09,653 [INFO] Checking Onliner...
2026-06-11 12:40:10,006 [INFO] No new listings.
2026-06-11 12:41:10,007 [INFO] --- Check [12:41:10] ---
2026-06-11 12:41:10,007 [INFO] Checking Kufar...
2026-06-11 12:41:12,319 [INFO]   [Kufar] Parsed 30 ads
2026-06-11 12:41:12,331 [INFO] Checking Realt.by...
2026-06-11 12:41:12,929 [INFO]   [Realt] Parsed 30 ads
2026-06-11 12:41:13,361 [INFO] Checking Onliner...
2026-06-11 12:41:13,735 [INFO] No new listings.
2026-06-11 12:42:13,736 [INFO] --- Check [12:42:13] ---
2026-06-11 12:42:13,736 [INFO] Checking Kufar...
2026-06-11 12:42:16,111 [INFO]   [Kufar] Parsed 30 ads
2026-06-11 12:42:16,136 [INFO] Checking Realt.by...
2026-06-11 12:42:16,689 [INFO]   [Realt] Parsed 30 ads
2026-06-11 12:42:17,086 [INFO] Checking Onliner...
2026-06-11 12:42:17,498 [INFO] No new listings.
2026-06-11 12:43:17,499 [INFO] --- Check [12:43:17] ---
2026-06-11 12:43:17,500 [INFO] Checking Kufar...
2026-06-11 12:43:19,846 [INFO]   [Kufar] Parsed 30 ads
2026-06-11 12:43:19,854 [INFO] Checking Realt.by...
2026-06-11 12:43:20,420 [INFO]   [Realt] Parsed 30 ads
2026-06-11 12:43:20,754 [INFO] Checking Onliner...
2026-06-11 12:43:21,117 [INFO] No new listings.
2026-06-11 12:44:21,117 [INFO] --- Check [12:44:21] ---
2026-06-11 12:44:21,118 [INFO] Checking Kufar...
2026-06-11 12:44:23,533 [INFO]   [Kufar] Parsed 30 ads
2026-06-11 12:44:23,544 [INFO] Checking Realt.by...
2026-06-11 12:44:24,109 [INFO]   [Realt] Parsed 30 ads
2026-06-11 12:44:24,446 [INFO] Checking Onliner...
2026-06-11 12:44:24,817 [INFO] No new listings.
2026-06-11 12:45:24,818 [INFO] --- Check [12:45:24] ---
2026-06-11 12:45:24,818 [INFO] Checking Kufar...
2026-06-11 12:45:27,491 [INFO]   [Kufar] Parsed 30 ads
2026-06-11 12:45:27,564 [INFO] Checking Realt.by...
2026-06-11 12:45:28,233 [INFO]   [Realt] Parsed 30 ads
2026-06-11 12:45:28,582 [INFO] Checking Onliner...
2026-06-11 12:45:28,977 [INFO]   NEW [Onliner]: студия, Минск, Партизанский проспект, 147 — $320.00/мес
2026-06-11 12:45:28,977 [INFO]      https://r.onliner.by/ak/apartments/969695
2026-06-11 12:46:28,995 [INFO] --- Check [12:46:28] ---
2026-06-11 12:46:28,995 [INFO] Checking Kufar...
2026-06-11 12:46:31,452 [INFO]   [Kufar] Parsed 30 ads
2026-06-11 12:46:31,458 [INFO] Checking Realt.by...
2026-06-11 12:46:31,990 [INFO]   [Realt] Parsed 30 ads
2026-06-11 12:46:32,348 [INFO] Checking Onliner...
2026-06-11 12:46:32,739 [INFO] No new listings.
2026-06-11 12:47:32,739 [INFO] --- Check [12:47:32] ---
2026-06-11 12:47:32,740 [INFO] Checking Kufar...
2026-06-11 12:47:34,991 [INFO]   [Kufar] Parsed 30 ads
2026-06-11 12:47:35,005 [INFO] Checking Realt.by...
2026-06-11 12:47:35,570 [INFO]   [Realt] Parsed 30 ads
2026-06-11 12:47:35,922 [INFO] Checking Onliner...
2026-06-11 12:47:36,279 [INFO] No new listings.
2026-06-11 12:48:36,280 [INFO] --- Check [12:48:36] ---
2026-06-11 12:48:36,281 [INFO] Checking Kufar...
2026-06-11 12:48:38,716 [INFO]   [Kufar] Parsed 30 ads
2026-06-11 12:48:38,731 [INFO] Checking Realt.by...
2026-06-11 12:48:39,344 [INFO]   [Realt] Parsed 30 ads
2026-06-11 12:48:39,716 [INFO] Checking Onliner...
2026-06-11 12:48:40,071 [INFO] No new listings.
2026-06-11 12:49:40,071 [INFO] --- Check [12:49:40] ---
2026-06-11 12:49:40,071 [INFO] Checking Kufar...
2026-06-11 12:49:42,337 [INFO]   [Kufar] Parsed 30 ads
2026-06-11 12:49:42,342 [INFO] Checking Realt.by...
2026-06-11 12:49:42,979 [INFO]   [Realt] Parsed 30 ads
2026-06-11 12:49:43,293 [INFO] Checking Onliner...
2026-06-11 12:49:43,702 [INFO] No new listings.
2026-06-11 12:50:26,825 [INFO] Stopped.
2026-06-11 13:02:03,934 [INFO] ============================================================
2026-06-11 13:02:03,935 [INFO] Apartment Monitor (Playwright edition)
2026-06-11 13:02:03,935 [INFO] Interval: 1 min | Headless: True
2026-06-11 13:02:03,935 [INFO] Telegram: configured
2026-06-11 13:02:03,935 [INFO] ============================================================
2026-06-11 13:02:05,392 [INFO] Loaded 101 previously seen listings
2026-06-11 13:03:05,844 [INFO] --- Check [13:03:05] ---
2026-06-11 13:03:05,845 [INFO] Checking Kufar...
2026-06-11 13:03:28,672 [INFO]   [Kufar] Parsed 30 ads
2026-06-11 13:03:28,703 [INFO] Checking Realt.by...
2026-06-11 13:03:44,199 [INFO]   [Realt] Parsed 30 ads
2026-06-11 13:03:44,547 [INFO]   NEW [Realt.by]: 1-комн., Минск Рокоссовского просп. 144 — 1048
2026-06-11 13:03:44,548 [INFO]      https://realt.by/rent/flat-for-long/7fd01d50-5423-11f1-89e4-5b4b85777e9f/
2026-06-11 13:03:51,727 [INFO] Checking Onliner...
2026-06-11 13:03:57,268 [INFO]   NEW [Onliner]: студия, Минск, Брестская улица, 62 — $270.00/мес
2026-06-11 13:03:57,269 [INFO]      https://r.onliner.by/ak/apartments/969696
2026-06-11 13:05:00,504 [INFO] --- Check [13:05:00] ---
2026-06-11 13:05:00,505 [INFO] Checking Kufar...
2026-06-11 13:05:04,402 [INFO]   [Kufar] Parsed 30 ads
2026-06-11 13:05:04,407 [INFO] Checking Realt.by...
2026-06-11 13:05:05,377 [INFO]   [Realt] Parsed 30 ads
2026-06-11 13:05:05,713 [INFO] Checking Onliner...
2026-06-11 13:05:07,312 [INFO] No new listings.
2026-06-11 13:06:07,313 [INFO] --- Check [13:06:07] ---
2026-06-11 13:06:07,313 [INFO] Checking Kufar...
2026-06-11 13:06:11,001 [INFO]   [Kufar] Parsed 30 ads
2026-06-11 13:06:11,012 [INFO] Checking Realt.by...
2026-06-11 13:06:12,384 [INFO]   [Realt] Parsed 30 ads
2026-06-11 13:06:12,749 [INFO] Checking Onliner...
2026-06-11 13:06:13,537 [INFO] No new listings.
2026-06-11 13:07:13,538 [INFO] --- Check [13:07:13] ---
2026-06-11 13:07:13,538 [INFO] Checking Kufar...
2026-06-11 13:07:16,725 [INFO]   [Kufar] Parsed 30 ads
2026-06-11 13:07:16,731 [INFO] Checking Realt.by...
2026-06-11 13:07:18,410 [INFO]   [Realt] Parsed 30 ads
2026-06-11 13:07:18,795 [INFO] Checking Onliner...
2026-06-11 13:07:19,778 [INFO] No new listings.
2026-06-11 13:08:19,779 [INFO] --- Check [13:08:19] ---
2026-06-11 13:08:19,780 [INFO] Checking Kufar...
2026-06-11 13:08:22,875 [INFO]   [Kufar] Parsed 30 ads
2026-06-11 13:08:22,880 [INFO] Checking Realt.by...
2026-06-11 13:08:24,606 [INFO]   [Realt] Parsed 30 ads
2026-06-11 13:08:25,105 [INFO] Checking Onliner...
2026-06-11 13:08:26,678 [INFO] No new listings.
2026-06-11 13:09:26,679 [INFO] --- Check [13:09:26] ---
2026-06-11 13:09:26,680 [INFO] Checking Kufar...
2026-06-11 13:09:31,837 [INFO]   [Kufar] Parsed 30 ads
2026-06-11 13:09:31,844 [INFO] Checking Realt.by...
2026-06-11 13:09:33,331 [INFO]   [Realt] Parsed 30 ads
2026-06-11 13:09:33,447 [INFO] Checking Onliner...
2026-06-11 13:09:35,486 [INFO] No new listings.
2026-06-11 13:10:35,487 [INFO] --- Check [13:10:35] ---
2026-06-11 13:10:35,487 [INFO] Checking Kufar...
2026-06-11 13:10:40,457 [INFO]   [Kufar] Parsed 30 ads
2026-06-11 13:10:40,470 [INFO] Checking Realt.by...
2026-06-11 13:10:42,180 [INFO]   [Realt] Parsed 30 ads
2026-06-11 13:10:42,575 [INFO] Checking Onliner...
2026-06-11 13:10:44,146 [INFO] No new listings.
2026-06-11 13:11:44,146 [INFO] --- Check [13:11:44] ---
2026-06-11 13:11:44,147 [INFO] Checking Kufar...
2026-06-11 13:11:47,243 [INFO]   [Kufar] Parsed 30 ads
2026-06-11 13:11:47,262 [INFO] Checking Realt.by...
2026-06-11 13:11:49,739 [INFO]   [Realt] Parsed 30 ads
2026-06-11 13:11:50,062 [INFO] Checking Onliner...
2026-06-11 13:11:50,926 [INFO] No new listings.
2026-06-11 13:12:50,927 [INFO] --- Check [13:12:50] ---
2026-06-11 13:12:50,927 [INFO] Checking Kufar...
2026-06-11 13:12:53,884 [INFO]   [Kufar] Parsed 30 ads
2026-06-11 13:12:53,888 [INFO] Checking Realt.by...
2026-06-11 13:12:55,633 [INFO]   [Realt] Parsed 30 ads
2026-06-11 13:12:56,083 [INFO] Checking Onliner...
2026-06-11 13:12:58,029 [INFO] No new listings.
2026-06-11 13:13:58,030 [INFO] --- Check [13:13:58] ---
2026-06-11 13:13:58,030 [INFO] Checking Kufar...
2026-06-11 13:14:12,657 [INFO]   [Kufar] Parsed 30 ads
2026-06-11 13:14:12,662 [INFO]   NEW [Kufar]: Квартира в аренду — —
2026-06-11 13:14:12,663 [INFO]      https://re.kufar.by/vi/1072702275
2026-06-11 13:14:16,433 [INFO] Checking Realt.by...
2026-06-11 13:14:17,790 [INFO]   [Realt] Parsed 30 ads
2026-06-11 13:14:18,219 [INFO] Checking Onliner...
2026-06-11 13:15:19,264 [INFO] --- Check [13:15:19] ---
2026-06-11 13:15:19,264 [INFO] Checking Kufar...
2026-06-11 13:15:23,774 [INFO]   [Kufar] Parsed 30 ads
2026-06-11 13:15:23,780 [INFO] Checking Realt.by...
2026-06-11 13:15:25,878 [INFO]   [Realt] Parsed 30 ads
2026-06-11 13:15:26,212 [INFO] Checking Onliner...
2026-06-11 13:15:29,854 [INFO] No new listings.
2026-06-11 13:16:29,855 [INFO] --- Check [13:16:29] ---
2026-06-11 13:16:29,855 [INFO] Checking Kufar...
2026-06-11 13:16:34,056 [INFO]   [Kufar] Parsed 30 ads
2026-06-11 13:16:34,061 [INFO]   NEW [Kufar]: 2ух комнатная квартира — —
2026-06-11 13:16:34,062 [INFO]      https://re.kufar.by/vi/1072702303
2026-06-11 13:16:37,112 [INFO] Checking Realt.by...
2026-06-11 13:16:38,373 [INFO]   [Realt] Parsed 30 ads
2026-06-11 13:16:38,712 [INFO] Checking Onliner...
2026-06-11 13:17:39,579 [INFO] --- Check [13:17:39] ---
2026-06-11 13:17:39,580 [INFO] Checking Kufar...
2026-06-11 13:17:43,419 [INFO]   [Kufar] Parsed 30 ads
2026-06-11 13:17:43,423 [INFO] Checking Realt.by...
2026-06-11 13:17:45,179 [INFO]   [Realt] Parsed 30 ads
2026-06-11 13:17:45,293 [INFO] Checking Onliner...
2026-06-11 13:17:46,370 [INFO] No new listings.
2026-06-11 13:18:46,371 [INFO] --- Check [13:18:46] ---
2026-06-11 13:18:46,371 [INFO] Checking Kufar...
2026-06-11 13:18:49,199 [INFO]   [Kufar] Parsed 30 ads
2026-06-11 13:18:49,203 [INFO] Checking Realt.by...
2026-06-11 13:18:51,509 [INFO]   [Realt] Parsed 30 ads
2026-06-11 13:18:51,863 [INFO] Checking Onliner...
2026-06-11 13:18:52,857 [INFO] No new listings.
2026-06-11 13:19:52,858 [INFO] --- Check [13:19:52] ---
2026-06-11 13:19:52,859 [INFO] Checking Kufar...
2026-06-11 13:19:56,716 [INFO]   [Kufar] Parsed 30 ads
2026-06-11 13:19:56,721 [INFO] Checking Realt.by...
2026-06-11 13:20:01,893 [INFO]   [Realt] Parsed 30 ads
2026-06-11 13:20:02,350 [INFO] Checking Onliner...
2026-06-11 13:20:03,779 [INFO] No new listings.
2026-06-11 13:21:03,780 [INFO] --- Check [13:21:03] ---
2026-06-11 13:21:03,781 [INFO] Checking Kufar...
2026-06-11 13:21:06,778 [INFO]   [Kufar] Parsed 30 ads
2026-06-11 13:21:06,783 [INFO] Checking Realt.by...
2026-06-11 13:21:16,152 [INFO]   [Realt] Parsed 30 ads
2026-06-11 13:21:16,498 [INFO] Checking Onliner...
2026-06-11 13:21:20,066 [INFO] No new listings.
2026-06-11 13:22:20,066 [INFO] --- Check [13:22:20] ---
2026-06-11 13:22:20,067 [INFO] Checking Kufar...
2026-06-11 13:22:30,069 [INFO]   [Kufar] Parsed 30 ads
2026-06-11 13:22:30,073 [INFO]   NEW [Kufar]: Сдам двухкомнатную квартиру — —
2026-06-11 13:22:30,074 [INFO]      https://re.kufar.by/vi/1072584386
2026-06-11 13:22:39,803 [INFO] Checking Realt.by...
2026-06-11 13:22:40,864 [INFO]   [Realt] Parsed 30 ads
2026-06-11 13:22:41,190 [INFO] Checking Onliner...
2026-06-11 13:23:43,177 [INFO] --- Check [13:23:43] ---
2026-06-11 13:23:43,177 [INFO] Checking Kufar...
2026-06-11 13:23:48,856 [INFO]   [Kufar] Parsed 30 ads
2026-06-11 13:23:48,861 [INFO]   NEW [Kufar]: Сдаю 1 квартиру, метро рядом — —
2026-06-11 13:23:48,861 [INFO]      https://re.kufar.by/vi/1069737482
2026-06-11 13:23:52,951 [INFO]   NEW [Kufar]: Квартира — —
2026-06-11 13:23:52,951 [INFO]      https://re.kufar.by/vi/1072703622
2026-06-11 13:23:56,990 [INFO] Checking Realt.by...
2026-06-11 13:23:58,379 [INFO]   [Realt] Parsed 30 ads
2026-06-11 13:23:58,693 [INFO] Checking Onliner...
2026-06-11 13:24:59,469 [INFO] --- Check [13:24:59] ---
2026-06-11 13:24:59,469 [INFO] Checking Kufar...
2026-06-11 13:25:03,682 [INFO]   [Kufar] Parsed 30 ads
2026-06-11 13:25:03,687 [INFO] Checking Realt.by...
2026-06-11 13:25:05,817 [INFO]   [Realt] Parsed 30 ads
2026-06-11 13:25:06,185 [INFO] Checking Onliner...
2026-06-11 13:25:10,274 [INFO] No new listings.
2026-06-11 13:26:10,275 [INFO] --- Check [13:26:10] ---
2026-06-11 13:26:10,275 [INFO] Checking Kufar...
2026-06-11 13:26:13,697 [INFO]   [Kufar] Parsed 30 ads
2026-06-11 13:26:13,702 [INFO] Checking Realt.by...
2026-06-11 13:26:15,981 [INFO]   [Realt] Parsed 30 ads
2026-06-11 13:26:16,327 [INFO] Checking Onliner...
2026-06-11 13:26:17,770 [INFO] No new listings.
2026-06-11 13:27:17,771 [INFO] --- Check [13:27:17] ---
2026-06-11 13:27:17,771 [INFO] Checking Kufar...
2026-06-11 13:27:20,535 [INFO]   [Kufar] Parsed 30 ads
2026-06-11 13:27:20,543 [INFO] Checking Realt.by...
2026-06-11 13:27:21,794 [INFO]   [Realt] Parsed 30 ads
2026-06-11 13:27:22,159 [INFO] Checking Onliner...
2026-06-11 13:27:23,240 [INFO] No new listings.
2026-06-11 13:28:23,241 [INFO] --- Check [13:28:23] ---
2026-06-11 13:28:23,241 [INFO] Checking Kufar...
2026-06-11 13:28:25,663 [INFO]   [Kufar] Parsed 30 ads
2026-06-11 13:28:25,666 [INFO] Checking Realt.by...
2026-06-11 13:28:28,139 [INFO]   [Realt] Parsed 30 ads
2026-06-11 13:28:28,456 [INFO] Checking Onliner...
2026-06-11 13:28:29,654 [INFO] No new listings.
2026-06-11 13:29:29,654 [INFO] --- Check [13:29:29] ---
2026-06-11 13:29:29,655 [INFO] Checking Kufar...
2026-06-11 13:29:32,412 [INFO]   [Kufar] Parsed 30 ads
2026-06-11 13:29:32,420 [INFO] Checking Realt.by...
2026-06-11 13:29:34,247 [INFO]   [Realt] Parsed 30 ads
2026-06-11 13:29:34,579 [INFO] Checking Onliner...
2026-06-11 13:29:36,321 [INFO] No new listings.
2026-06-11 13:30:36,322 [INFO] --- Check [13:30:36] ---
2026-06-11 13:30:36,322 [INFO] Checking Kufar...
2026-06-11 13:30:39,186 [INFO]   [Kufar] Parsed 30 ads
2026-06-11 13:30:39,191 [INFO] Checking Realt.by...
2026-06-11 13:30:40,897 [INFO]   [Realt] Parsed 30 ads
2026-06-11 13:30:41,230 [INFO] Checking Onliner...
2026-06-11 13:30:42,153 [INFO] No new listings.
2026-06-11 13:31:42,154 [INFO] --- Check [13:31:42] ---
2026-06-11 13:31:42,154 [INFO] Checking Kufar...
2026-06-11 13:31:46,029 [INFO]   [Kufar] Parsed 30 ads
2026-06-11 13:31:46,033 [INFO] Checking Realt.by...
2026-06-11 13:31:47,856 [INFO]   [Realt] Parsed 30 ads
2026-06-11 13:31:48,219 [INFO] Checking Onliner...
2026-06-11 13:31:49,385 [INFO] No new listings.
2026-06-11 13:32:49,386 [INFO] --- Check [13:32:49] ---
2026-06-11 13:32:49,386 [INFO] Checking Kufar...
2026-06-11 13:32:52,779 [INFO]   [Kufar] Parsed 30 ads
2026-06-11 13:32:52,784 [INFO] Checking Realt.by...
2026-06-11 13:32:54,199 [INFO]   [Realt] Parsed 30 ads
2026-06-11 13:32:54,526 [INFO] Checking Onliner...
2026-06-11 13:32:55,918 [INFO] No new listings.
2026-06-11 13:33:55,918 [INFO] --- Check [13:33:55] ---
2026-06-11 13:33:55,919 [INFO] Checking Kufar...
2026-06-11 13:34:00,548 [INFO]   [Kufar] Parsed 30 ads
2026-06-11 13:34:00,552 [INFO] Checking Realt.by...
2026-06-11 13:34:04,201 [INFO]   [Realt] Parsed 30 ads
2026-06-11 13:34:04,595 [INFO] Checking Onliner...
2026-06-11 13:34:06,185 [INFO] No new listings.
2026-06-11 13:35:06,186 [INFO] --- Check [13:35:06] ---
2026-06-11 13:35:06,186 [INFO] Checking Kufar...
2026-06-11 13:35:09,879 [INFO]   [Kufar] Parsed 30 ads
2026-06-11 13:35:09,883 [INFO] Checking Realt.by...
2026-06-11 13:35:11,966 [INFO]   [Realt] Parsed 30 ads
2026-06-11 13:35:12,287 [INFO] Checking Onliner...
2026-06-11 13:35:13,755 [INFO] No new listings.
2026-06-11 13:36:13,756 [INFO] --- Check [13:36:13] ---
2026-06-11 13:36:13,756 [INFO] Checking Kufar...
2026-06-11 13:36:16,942 [INFO]   [Kufar] Parsed 30 ads
2026-06-11 13:36:16,947 [INFO] Checking Realt.by...
2026-06-11 13:36:18,876 [INFO]   [Realt] Parsed 30 ads
2026-06-11 13:36:19,203 [INFO] Checking Onliner...
2026-06-11 13:36:22,861 [INFO] No new listings.
2026-06-11 13:37:22,862 [INFO] --- Check [13:37:22] ---
2026-06-11 13:37:22,862 [INFO] Checking Kufar...
2026-06-11 13:37:26,403 [INFO]   [Kufar] Parsed 30 ads
2026-06-11 13:37:26,408 [INFO] Checking Realt.by...
2026-06-11 13:37:27,706 [INFO]   [Realt] Parsed 30 ads
2026-06-11 13:37:28,090 [INFO] Checking Onliner...
2026-06-11 13:37:29,215 [INFO] No new listings.
2026-06-11 13:38:29,216 [INFO] --- Check [13:38:29] ---
2026-06-11 13:38:29,216 [INFO] Checking Kufar...
2026-06-11 13:38:32,917 [INFO]   [Kufar] Parsed 30 ads
2026-06-11 13:38:32,921 [INFO] Checking Realt.by...
2026-06-11 13:38:35,033 [INFO]   [Realt] Parsed 30 ads
2026-06-11 13:38:35,345 [INFO] Checking Onliner...
2026-06-11 13:38:36,896 [INFO] No new listings.
2026-06-11 13:39:36,897 [INFO] --- Check [13:39:36] ---
2026-06-11 13:39:36,897 [INFO] Checking Kufar...
2026-06-11 13:39:39,503 [INFO]   [Kufar] Parsed 30 ads
2026-06-11 13:39:39,513 [INFO] Checking Realt.by...
2026-06-11 13:39:41,656 [INFO]   [Realt] Parsed 30 ads
2026-06-11 13:39:41,750 [INFO] Checking Onliner...
2026-06-11 13:39:44,050 [INFO] No new listings.
2026-06-11 13:40:44,051 [INFO] --- Check [13:40:44] ---
2026-06-11 13:40:44,051 [INFO] Checking Kufar...
2026-06-11 13:40:48,263 [INFO]   [Kufar] Parsed 30 ads
2026-06-11 13:40:48,270 [INFO] Checking Realt.by...
2026-06-11 13:40:50,679 [INFO]   [Realt] Parsed 30 ads
2026-06-11 13:40:51,013 [INFO] Checking Onliner...
2026-06-11 13:41:05,564 [INFO] No new listings.
2026-06-11 13:42:05,565 [INFO] --- Check [13:42:05] ---
2026-06-11 13:42:05,566 [INFO] Checking Kufar...
2026-06-11 13:42:13,707 [INFO]   [Kufar] Parsed 30 ads
2026-06-11 13:42:13,714 [INFO]   NEW [Kufar]: Сдам 2-х комнатную квартиру на длительный срок — —
2026-06-11 13:42:13,715 [INFO]      https://re.kufar.by/vi/1072584580
2026-06-11 13:42:16,973 [INFO] Checking Realt.by...
2026-06-11 13:42:19,461 [INFO]   [Realt] Parsed 30 ads
2026-06-11 13:42:19,843 [INFO] Checking Onliner...
2026-06-11 13:43:36,226 [INFO] --- Check [13:43:36] ---
2026-06-11 13:43:36,226 [INFO] Checking Kufar...
2026-06-11 13:43:42,662 [INFO]   [Kufar] Parsed 30 ads
2026-06-11 13:43:42,672 [INFO] Checking Realt.by...
2026-06-11 13:43:46,159 [INFO]   [Realt] Parsed 30 ads
2026-06-11 13:43:46,558 [INFO] Checking Onliner...
2026-06-11 13:43:52,146 [INFO] No new listings.
2026-06-11 13:44:52,147 [INFO] --- Check [13:44:52] ---
2026-06-11 13:44:52,147 [INFO] Checking Kufar...
2026-06-11 13:44:56,268 [INFO]   [Kufar] Parsed 29 ads
2026-06-11 13:44:56,271 [INFO] Checking Realt.by...
2026-06-11 13:44:57,760 [INFO]   [Realt] Parsed 30 ads
2026-06-11 13:44:58,095 [INFO] Checking Onliner...
2026-06-11 13:44:59,163 [INFO] No new listings.
2026-06-11 13:45:59,164 [INFO] --- Check [13:45:59] ---
2026-06-11 13:45:59,165 [INFO] Checking Kufar...
2026-06-11 13:46:02,018 [INFO]   [Kufar] Parsed 30 ads
2026-06-11 13:46:02,024 [INFO] Checking Realt.by...
2026-06-11 13:46:03,314 [INFO]   [Realt] Parsed 30 ads
2026-06-11 13:46:03,673 [INFO] Checking Onliner...
2026-06-11 13:46:05,686 [INFO] No new listings.
2026-06-11 13:47:05,687 [INFO] --- Check [13:47:05] ---
2026-06-11 13:47:05,688 [INFO] Checking Kufar...
2026-06-11 13:47:09,079 [INFO]   [Kufar] Parsed 30 ads
2026-06-11 13:47:09,085 [INFO] Checking Realt.by...
2026-06-11 13:47:10,876 [INFO]   [Realt] Parsed 30 ads
2026-06-11 13:47:11,220 [INFO]   NEW [Realt.by]: 2-комн., Минск Карбышева ул. 9 — 400
2026-06-11 13:47:11,220 [INFO]      https://realt.by/rent/flat-for-long/55674566-5381-11f1-b119-b295db31e5cb/
2026-06-11 13:47:15,406 [INFO] Checking Onliner...
2026-06-11 13:48:19,386 [INFO] --- Check [13:48:19] ---
2026-06-11 13:48:19,387 [INFO] Checking Kufar...
2026-06-11 13:48:22,146 [INFO]   [Kufar] Parsed 30 ads
2026-06-11 13:48:22,150 [INFO] Checking Realt.by...
2026-06-11 13:48:23,577 [INFO]   [Realt] Parsed 30 ads
2026-06-11 13:48:23,952 [INFO] Checking Onliner...
2026-06-11 13:48:26,027 [INFO] No new listings.
2026-06-11 13:49:26,028 [INFO] --- Check [13:49:26] ---
2026-06-11 13:49:26,028 [INFO] Checking Kufar...
2026-06-11 13:49:29,445 [INFO]   [Kufar] Parsed 30 ads
2026-06-11 13:49:29,449 [INFO] Checking Realt.by...
2026-06-11 13:49:32,951 [INFO]   [Realt] Parsed 30 ads
2026-06-11 13:49:33,383 [INFO] Checking Onliner...
2026-06-11 13:49:38,449 [INFO] No new listings.
2026-06-11 13:50:38,449 [INFO] --- Check [13:50:38] ---
2026-06-11 13:50:38,450 [INFO] Checking Kufar...
2026-06-11 13:50:41,821 [INFO]   [Kufar] Parsed 30 ads
2026-06-11 13:50:41,825 [INFO] Checking Realt.by...
2026-06-11 13:50:43,048 [INFO]   [Realt] Parsed 30 ads
2026-06-11 13:50:43,373 [INFO] Checking Onliner...
2026-06-11 13:50:45,704 [INFO] No new listings.
2026-06-11 13:51:45,706 [INFO] --- Check [13:51:45] ---
2026-06-11 13:51:45,706 [INFO] Checking Kufar...
2026-06-11 13:51:49,537 [INFO]   [Kufar] Parsed 30 ads
2026-06-11 13:51:49,540 [INFO] Checking Realt.by...
2026-06-11 13:51:51,292 [INFO]   [Realt] Parsed 30 ads
2026-06-11 13:51:51,613 [INFO] Checking Onliner...
2026-06-11 13:51:53,515 [INFO] No new listings.
2026-06-11 13:52:53,516 [INFO] --- Check [13:52:53] ---
2026-06-11 13:52:53,516 [INFO] Checking Kufar...
2026-06-11 13:52:57,532 [INFO]   [Kufar] Parsed 30 ads
2026-06-11 13:52:57,537 [INFO] Checking Realt.by...
2026-06-11 13:52:59,095 [INFO]   [Realt] Parsed 30 ads
2026-06-11 13:52:59,434 [INFO] Checking Onliner...
2026-06-11 13:53:00,116 [INFO] No new listings.
2026-06-11 13:54:00,117 [INFO] --- Check [13:54:00] ---
2026-06-11 13:54:00,117 [INFO] Checking Kufar...
2026-06-11 13:54:03,520 [INFO]   [Kufar] Parsed 30 ads
2026-06-11 13:54:03,528 [INFO]   NEW [Kufar]: 3-х комнатная квартира (сдается, аренда) на долгий срок — —
2026-06-11 13:54:03,528 [INFO]      https://re.kufar.by/vi/1066441237
2026-06-11 13:54:05,434 [INFO] Checking Realt.by...
2026-06-11 13:54:07,174 [INFO]   [Realt] Parsed 30 ads
2026-06-11 13:54:07,500 [INFO] Checking Onliner...
2026-06-11 13:55:12,777 [INFO] --- Check [13:55:12] ---
2026-06-11 13:55:12,777 [INFO] Checking Kufar...
2026-06-11 13:55:16,065 [INFO]   [Kufar] Parsed 29 ads
2026-06-11 13:55:16,069 [INFO] Checking Realt.by...
2026-06-11 13:55:23,388 [INFO]   [Realt] Parsed 30 ads
2026-06-11 13:55:23,769 [INFO] Checking Onliner...
2026-06-11 13:55:25,940 [INFO] No new listings.
2026-06-11 13:56:25,941 [INFO] --- Check [13:56:25] ---
2026-06-11 13:56:25,941 [INFO] Checking Kufar...
2026-06-11 13:56:28,641 [INFO]   [Kufar] Parsed 30 ads
2026-06-11 13:56:28,646 [INFO] Checking Realt.by...
2026-06-11 13:56:30,067 [INFO]   [Realt] Parsed 30 ads
2026-06-11 13:56:30,395 [INFO] Checking Onliner...
2026-06-11 13:56:31,744 [INFO] No new listings.
2026-06-11 13:57:31,745 [INFO] --- Check [13:57:31] ---
2026-06-11 13:57:31,745 [INFO] Checking Kufar...
2026-06-11 13:57:34,490 [INFO]   [Kufar] Parsed 30 ads
2026-06-11 13:57:34,494 [INFO] Checking Realt.by...
2026-06-11 13:57:36,843 [INFO]   [Realt] Parsed 30 ads
2026-06-11 13:57:37,232 [INFO] Checking Onliner...
2026-06-11 13:57:38,305 [INFO] No new listings.
2026-06-11 13:58:38,348 [INFO] --- Check [13:58:38] ---
2026-06-11 13:58:38,348 [INFO] Checking Kufar...
2026-06-11 13:58:42,135 [INFO]   [Kufar] Parsed 30 ads
2026-06-11 13:58:42,139 [INFO] Checking Realt.by...
2026-06-11 13:58:44,159 [INFO]   [Realt] Parsed 30 ads
2026-06-11 13:58:44,677 [INFO] Checking Onliner...
2026-06-11 13:58:46,007 [INFO] No new listings.
2026-06-11 13:59:46,007 [INFO] --- Check [13:59:46] ---
2026-06-11 13:59:46,008 [INFO] Checking Kufar...
2026-06-11 13:59:49,516 [INFO]   [Kufar] Parsed 30 ads
2026-06-11 13:59:49,522 [INFO] Checking Realt.by...
2026-06-11 13:59:53,049 [INFO]   [Realt] Parsed 30 ads
2026-06-11 13:59:53,507 [INFO] Checking Onliner...
2026-06-11 13:59:54,671 [INFO] No new listings.
2026-06-11 14:00:54,671 [INFO] --- Check [14:00:54] ---
2026-06-11 14:00:54,672 [INFO] Checking Kufar...
2026-06-11 14:00:59,251 [INFO]   [Kufar] Parsed 30 ads
2026-06-11 14:00:59,255 [INFO] Checking Realt.by...
2026-06-11 14:01:02,007 [INFO]   [Realt] Parsed 30 ads
2026-06-11 14:01:02,369 [INFO] Checking Onliner...
2026-06-11 14:01:04,046 [INFO] No new listings.
2026-06-11 14:02:04,047 [INFO] --- Check [14:02:04] ---
2026-06-11 14:02:04,048 [INFO] Checking Kufar...
2026-06-11 14:02:07,782 [INFO]   [Kufar] Parsed 30 ads
2026-06-11 14:02:07,786 [INFO] Checking Realt.by...
2026-06-11 14:02:09,426 [INFO]   [Realt] Parsed 30 ads
2026-06-11 14:02:09,651 [INFO] Checking Onliner...
2026-06-11 14:02:12,286 [INFO] No new listings.
2026-06-11 14:03:12,287 [INFO] --- Check [14:03:12] ---
2026-06-11 14:03:12,287 [INFO] Checking Kufar...
2026-06-11 14:03:17,927 [INFO]   [Kufar] Parsed 30 ads
2026-06-11 14:03:17,931 [INFO] Checking Realt.by...
2026-06-11 14:03:20,149 [INFO]   [Realt] Parsed 30 ads
2026-06-11 14:03:20,263 [INFO] Checking Onliner...
2026-06-11 14:03:21,981 [INFO] No new listings.
2026-06-11 14:04:21,982 [INFO] --- Check [14:04:21] ---
2026-06-11 14:04:21,982 [INFO] Checking Kufar...
2026-06-11 14:04:25,708 [INFO]   [Kufar] Parsed 30 ads
2026-06-11 14:04:25,712 [INFO] Checking Realt.by...
2026-06-11 14:04:27,391 [INFO]   [Realt] Parsed 30 ads
2026-06-11 14:04:27,712 [INFO] Checking Onliner...
2026-06-11 14:04:30,570 [INFO]   NEW [Onliner]: студия, Минск, улица Маршала Лосика, 28 — $400.00/мес
2026-06-11 14:04:30,570 [INFO]      https://r.onliner.by/ak/apartments/969461
2026-06-11 14:05:35,386 [INFO] --- Check [14:05:35] ---
2026-06-11 14:05:35,386 [INFO] Checking Kufar...
2026-06-11 14:05:40,320 [INFO]   [Kufar] Parsed 30 ads
2026-06-11 14:05:40,325 [INFO] Checking Realt.by...
2026-06-11 14:05:42,219 [INFO]   [Realt] Parsed 30 ads
2026-06-11 14:05:42,568 [INFO] Checking Onliner...
2026-06-11 14:05:43,382 [INFO] No new listings.
2026-06-11 14:06:43,383 [INFO] --- Check [14:06:43] ---
2026-06-11 14:06:43,384 [INFO] Checking Kufar...
2026-06-11 14:06:46,396 [INFO]   [Kufar] Parsed 30 ads
2026-06-11 14:06:46,401 [INFO] Checking Realt.by...
2026-06-11 14:06:50,020 [INFO]   [Realt] Parsed 30 ads
2026-06-11 14:06:50,143 [INFO] Checking Onliner...
2026-06-11 14:06:50,938 [INFO] No new listings.
2026-06-11 14:07:50,939 [INFO] --- Check [14:07:50] ---
2026-06-11 14:07:50,940 [INFO] Checking Kufar...
2026-06-11 14:07:54,954 [INFO]   [Kufar] Parsed 30 ads
2026-06-11 14:07:54,962 [INFO] Checking Realt.by...
2026-06-11 14:08:01,106 [INFO]   [Realt] Parsed 30 ads
2026-06-11 14:08:01,501 [INFO] Checking Onliner...
2026-06-11 14:08:04,445 [INFO] No new listings.
2026-06-11 14:09:04,446 [INFO] --- Check [14:09:04] ---
2026-06-11 14:09:04,446 [INFO] Checking Kufar...
2026-06-11 14:09:17,167 [INFO]   [Kufar] Parsed 30 ads
2026-06-11 14:09:17,176 [INFO] Checking Realt.by...
2026-06-11 14:09:19,332 [INFO]   [Realt] Parsed 30 ads
2026-06-11 14:09:19,587 [INFO] Checking Onliner...
2026-06-11 14:09:29,245 [INFO] No new listings.
2026-06-11 14:10:29,245 [INFO] --- Check [14:10:29] ---
2026-06-11 14:10:29,246 [INFO] Checking Kufar...
2026-06-11 14:10:32,509 [INFO]   [Kufar] Parsed 30 ads
2026-06-11 14:10:32,514 [INFO] Checking Realt.by...
2026-06-11 14:10:36,885 [INFO]   [Realt] Parsed 30 ads
2026-06-11 14:10:37,271 [INFO] Checking Onliner...
2026-06-11 14:10:39,273 [INFO]   NEW [Onliner]: студия, Минск, улица Матусевича, 70 — $400.00/мес
2026-06-11 14:10:39,274 [INFO]      https://r.onliner.by/ak/apartments/969698
2026-06-11 14:11:43,482 [INFO] --- Check [14:11:43] ---
2026-06-11 14:11:43,482 [INFO] Checking Kufar...
2026-06-11 14:11:48,090 [INFO]   [Kufar] Parsed 30 ads
2026-06-11 14:11:48,095 [INFO] Checking Realt.by...
2026-06-11 14:11:49,741 [INFO]   [Realt] Parsed 30 ads
2026-06-11 14:11:50,102 [INFO] Checking Onliner...
2026-06-11 14:11:51,114 [INFO] No new listings.
2026-06-11 14:12:51,115 [INFO] --- Check [14:12:51] ---
2026-06-11 14:12:51,115 [INFO] Checking Kufar...
2026-06-11 14:12:55,658 [INFO]   [Kufar] Parsed 30 ads
2026-06-11 14:12:55,666 [INFO] Checking Realt.by...
2026-06-11 14:12:59,589 [INFO]   [Realt] Parsed 30 ads
2026-06-11 14:12:59,969 [INFO] Checking Onliner...
2026-06-11 14:13:04,534 [INFO] No new listings.
2026-06-11 14:14:04,535 [INFO] --- Check [14:14:04] ---
2026-06-11 14:14:04,535 [INFO] Checking Kufar...
2026-06-11 14:14:08,711 [INFO]   [Kufar] Parsed 30 ads
2026-06-11 14:14:08,717 [INFO]   NEW [Kufar]: Сдается 1-комнатная квартира в Лошице — —
2026-06-11 14:14:08,718 [INFO]      https://re.kufar.by/vi/1072709469
2026-06-11 14:14:11,333 [INFO] Checking Realt.by...
2026-06-11 14:14:13,676 [INFO]   [Realt] Parsed 30 ads
2026-06-11 14:14:14,132 [INFO] Checking Onliner...
2026-06-11 14:15:15,805 [INFO] --- Check [14:15:15] ---
2026-06-11 14:15:15,806 [INFO] Checking Kufar...
2026-06-11 14:15:24,364 [INFO]   [Kufar] Parsed 29 ads
2026-06-11 14:15:24,369 [INFO] Checking Realt.by...
2026-06-11 14:15:31,017 [INFO]   [Realt] Parsed 30 ads
2026-06-11 14:15:31,136 [INFO] Checking Onliner...
2026-06-11 14:15:36,237 [INFO] No new listings.
2026-06-11 14:16:36,237 [INFO] --- Check [14:16:36] ---
2026-06-11 14:16:36,238 [INFO] Checking Kufar...
2026-06-11 14:16:44,824 [INFO]   [Kufar] Parsed 30 ads
2026-06-11 14:16:44,828 [INFO] Checking Realt.by...
2026-06-11 14:16:47,587 [INFO]   [Realt] Parsed 30 ads
2026-06-11 14:16:47,847 [INFO] Checking Onliner...
2026-06-11 14:16:50,767 [INFO] No new listings.
2026-06-11 14:17:50,768 [INFO] --- Check [14:17:50] ---
2026-06-11 14:17:50,769 [INFO] Checking Kufar...
2026-06-11 14:17:58,392 [INFO]   [Kufar] Parsed 30 ads
2026-06-11 14:17:58,397 [INFO] Checking Realt.by...
2026-06-11 14:18:01,280 [INFO]   [Realt] Parsed 30 ads
2026-06-11 14:18:01,752 [INFO]   NEW [Realt.by]: 1-комн., Минск Корженевского пер. 4 — 400
2026-06-11 14:18:01,752 [INFO]      https://realt.by/rent/flat-for-long/dad64860-52c4-11f1-a7a4-d5b3b9712aa2/
2026-06-11 14:18:11,480 [INFO] Checking Onliner...
2026-06-11 14:19:16,590 [INFO] --- Check [14:19:16] ---
2026-06-11 14:19:16,590 [INFO] Checking Kufar...
2026-06-11 14:19:20,689 [INFO]   [Kufar] Parsed 30 ads
2026-06-11 14:19:20,693 [INFO] Checking Realt.by...
2026-06-11 14:19:23,301 [INFO]   [Realt] Parsed 30 ads
2026-06-11 14:19:23,657 [INFO] Checking Onliner...
2026-06-11 14:19:25,429 [INFO] No new listings.
2026-06-11 14:20:25,430 [INFO] --- Check [14:20:25] ---
2026-06-11 14:20:25,430 [INFO] Checking Kufar...
2026-06-11 14:20:55,519 [WARNING]   [Kufar] Error: Page.goto: Timeout 30000ms exceeded.
Call log:
  - navigating to "https://re.kufar.by/l/minsk/snyat/kvartiru?cur=USD&prc=r%3A0%2C400&sort=lst.d", waiting until "domcontentloaded"

2026-06-11 14:20:55,532 [WARNING]   [Kufar] No listings received
2026-06-11 14:20:55,532 [INFO] Checking Realt.by...
2026-06-11 14:21:31,707 [WARNING]   [Realt] Error: Page.evaluate: Execution context was destroyed, most likely because of a navigation
2026-06-11 14:21:31,726 [WARNING]   [Realt.by] No listings received
2026-06-11 14:21:31,726 [INFO] Checking Onliner...
2026-06-11 14:21:49,105 [INFO] No new listings.
2026-06-11 14:22:49,106 [INFO] --- Check [14:22:49] ---
2026-06-11 14:22:49,106 [INFO] Checking Kufar...
2026-06-11 14:22:53,374 [INFO]   [Kufar] Parsed 30 ads
2026-06-11 14:22:53,379 [INFO] Checking Realt.by...
2026-06-11 14:22:57,537 [INFO]   [Realt] Parsed 30 ads
2026-06-11 14:22:57,931 [INFO] Checking Onliner...
2026-06-11 14:22:59,366 [INFO] No new listings.
2026-06-11 14:23:59,367 [INFO] --- Check [14:23:59] ---
2026-06-11 14:23:59,368 [INFO] Checking Kufar...
2026-06-11 14:24:03,576 [INFO]   [Kufar] Parsed 30 ads
2026-06-11 14:24:03,580 [INFO] Checking Realt.by...
2026-06-11 14:24:12,297 [INFO]   [Realt] Parsed 30 ads
2026-06-11 14:24:12,678 [INFO] Checking Onliner...
2026-06-11 14:24:23,704 [INFO] No new listings.
2026-06-11 14:25:23,705 [INFO] --- Check [14:25:23] ---
2026-06-11 14:25:23,706 [INFO] Checking Kufar...
2026-06-11 14:25:27,325 [INFO]   [Kufar] Parsed 30 ads
2026-06-11 14:25:27,331 [INFO] Checking Realt.by...
2026-06-11 14:25:30,567 [INFO]   [Realt] Parsed 30 ads
2026-06-11 14:25:30,961 [INFO] Checking Onliner...
2026-06-11 14:25:34,957 [INFO] No new listings.
2026-06-11 14:26:34,958 [INFO] --- Check [14:26:34] ---
2026-06-11 14:26:34,958 [INFO] Checking Kufar...
2026-06-11 14:26:40,829 [INFO]   [Kufar] Parsed 30 ads
2026-06-11 14:26:40,834 [INFO] Checking Realt.by...
2026-06-11 14:26:45,694 [INFO]   [Realt] Parsed 30 ads
2026-06-11 14:26:46,020 [INFO] Checking Onliner...
2026-06-11 14:26:51,095 [INFO] No new listings.
2026-06-11 14:27:51,097 [INFO] --- Check [14:27:51] ---
2026-06-11 14:27:51,097 [INFO] Checking Kufar...
2026-06-11 14:27:54,140 [INFO]   [Kufar] Parsed 30 ads
2026-06-11 14:27:54,149 [INFO] Checking Realt.by...
2026-06-11 14:27:56,264 [INFO]   [Realt] Parsed 30 ads
2026-06-11 14:27:56,380 [INFO] Checking Onliner...
2026-06-11 14:27:57,207 [INFO]   NEW [Onliner]: студия, Минск, улица Маяковского — $216.40/мес
2026-06-11 14:27:57,207 [INFO]      https://r.onliner.by/ak/apartments/969700
2026-06-11 14:29:00,062 [INFO] --- Check [14:29:00] ---
2026-06-11 14:29:00,062 [INFO] Checking Kufar...
2026-06-11 14:29:02,749 [INFO]   [Kufar] Parsed 30 ads
2026-06-11 14:29:02,754 [INFO] Checking Realt.by...
2026-06-11 14:29:04,771 [INFO]   [Realt] Parsed 30 ads
2026-06-11 14:29:05,131 [INFO] Checking Onliner...
2026-06-11 14:29:06,932 [INFO] No new listings.
2026-06-11 14:30:06,933 [INFO] --- Check [14:30:06] ---
2026-06-11 14:30:06,933 [INFO] Checking Kufar...
2026-06-11 14:30:09,756 [INFO]   [Kufar] Parsed 30 ads
2026-06-11 14:30:09,761 [INFO] Checking Realt.by...
2026-06-11 14:30:11,318 [INFO]   [Realt] Parsed 30 ads
2026-06-11 14:30:11,658 [INFO] Checking Onliner...
2026-06-11 14:30:15,574 [INFO] No new listings.
2026-06-11 14:31:15,574 [INFO] --- Check [14:31:15] ---
2026-06-11 14:31:15,575 [INFO] Checking Kufar...
2026-06-11 14:31:20,211 [INFO]   [Kufar] Parsed 30 ads
2026-06-11 14:31:20,219 [INFO] Checking Realt.by...
2026-06-11 14:31:22,055 [INFO]   [Realt] Parsed 30 ads
2026-06-11 14:31:22,394 [INFO] Checking Onliner...
2026-06-11 14:31:23,979 [INFO] No new listings.
2026-06-11 14:32:23,980 [INFO] --- Check [14:32:23] ---
2026-06-11 14:32:23,980 [INFO] Checking Kufar...
2026-06-11 14:32:27,540 [INFO]   [Kufar] Parsed 30 ads
2026-06-11 14:32:27,544 [INFO] Checking Realt.by...
2026-06-11 14:32:28,806 [INFO]   [Realt] Parsed 30 ads
2026-06-11 14:32:29,206 [INFO] Checking Onliner...
2026-06-11 14:32:30,832 [INFO] No new listings.
2026-06-11 14:33:30,833 [INFO] --- Check [14:33:30] ---
2026-06-11 14:33:30,833 [INFO] Checking Kufar...
2026-06-11 14:33:34,861 [INFO]   [Kufar] Parsed 30 ads
2026-06-11 14:33:34,867 [INFO] Checking Realt.by...
2026-06-11 14:33:41,886 [INFO]   [Realt] Parsed 30 ads
2026-06-11 14:33:42,193 [INFO] Checking Onliner...
2026-06-11 14:33:44,238 [INFO] No new listings.
2026-06-11 14:34:44,239 [INFO] --- Check [14:34:44] ---
2026-06-11 14:34:44,240 [INFO] Checking Kufar...
2026-06-11 14:34:55,432 [INFO]   [Kufar] Parsed 29 ads
2026-06-11 14:34:55,436 [INFO] Checking Realt.by...
2026-06-11 14:35:02,198 [INFO]   [Realt] Parsed 30 ads
2026-06-11 14:35:02,570 [INFO] Checking Onliner...
2026-06-11 14:35:05,291 [INFO] No new listings.
2026-06-11 14:36:05,292 [INFO] --- Check [14:36:05] ---
2026-06-11 14:36:05,292 [INFO] Checking Kufar...
2026-06-11 14:36:19,259 [INFO]   [Kufar] Parsed 30 ads
2026-06-11 14:36:19,264 [INFO] Checking Realt.by...
2026-06-11 14:36:20,643 [INFO]   [Realt] Parsed 30 ads
2026-06-11 14:36:20,975 [INFO] Checking Onliner...
2026-06-11 14:36:22,132 [INFO] No new listings.
2026-06-11 14:37:22,132 [INFO] --- Check [14:37:22] ---
2026-06-11 14:37:22,133 [INFO] Checking Kufar...
2026-06-11 14:37:25,955 [INFO]   [Kufar] Parsed 30 ads
2026-06-11 14:37:25,959 [INFO] Checking Realt.by...
2026-06-11 14:37:27,270 [INFO]   [Realt] Parsed 30 ads
2026-06-11 14:37:27,606 [INFO] Checking Onliner...
2026-06-11 14:37:29,148 [INFO] No new listings.
2026-06-11 14:38:29,149 [INFO] --- Check [14:38:29] ---
2026-06-11 14:38:29,149 [INFO] Checking Kufar...
2026-06-11 14:38:35,099 [INFO]   [Kufar] Parsed 30 ads
2026-06-11 14:38:35,105 [INFO] Checking Realt.by...
2026-06-11 14:38:36,961 [INFO]   [Realt] Parsed 30 ads
2026-06-11 14:38:37,369 [INFO] Checking Onliner...
2026-06-11 14:38:39,494 [INFO] No new listings.
2026-06-11 14:39:39,494 [INFO] --- Check [14:39:39] ---
2026-06-11 14:39:39,495 [INFO] Checking Kufar...
2026-06-11 14:39:42,227 [INFO]   [Kufar] Parsed 30 ads
2026-06-11 14:39:42,235 [INFO] Checking Realt.by...
2026-06-11 14:39:43,614 [INFO]   [Realt] Parsed 30 ads
2026-06-11 14:39:44,060 [INFO] Checking Onliner...
2026-06-11 14:39:45,498 [INFO] No new listings.
2026-06-11 14:40:45,499 [INFO] --- Check [14:40:45] ---
2026-06-11 14:40:45,499 [INFO] Checking Kufar...
2026-06-11 14:40:48,112 [INFO]   [Kufar] Parsed 30 ads
2026-06-11 14:40:48,117 [INFO] Checking Realt.by...
2026-06-11 14:40:49,323 [INFO]   [Realt] Parsed 30 ads
2026-06-11 14:40:49,569 [INFO] Checking Onliner...
2026-06-11 14:40:50,189 [INFO] No new listings.
2026-06-11 14:41:50,190 [INFO] --- Check [14:41:50] ---
2026-06-11 14:41:50,190 [INFO] Checking Kufar...
2026-06-11 14:41:52,515 [INFO]   [Kufar] Parsed 30 ads
2026-06-11 14:41:52,520 [INFO] Checking Realt.by...
2026-06-11 14:41:54,035 [INFO]   [Realt] Parsed 30 ads
2026-06-11 14:41:54,356 [INFO] Checking Onliner...
2026-06-11 14:41:55,915 [INFO] No new listings.
2026-06-11 14:42:55,916 [INFO] --- Check [14:42:55] ---
2026-06-11 14:42:55,917 [INFO] Checking Kufar...
2026-06-11 14:42:59,908 [INFO]   [Kufar] Parsed 30 ads
2026-06-11 14:42:59,913 [INFO] Checking Realt.by...
2026-06-11 14:43:01,492 [INFO]   [Realt] Parsed 30 ads
2026-06-11 14:43:01,831 [INFO] Checking Onliner...
2026-06-11 14:43:05,510 [INFO] No new listings.
2026-06-11 14:44:05,511 [INFO] --- Check [14:44:05] ---
2026-06-11 14:44:05,512 [INFO] Checking Kufar...
2026-06-11 14:44:09,094 [INFO]   [Kufar] Parsed 30 ads
2026-06-11 14:44:09,098 [INFO] Checking Realt.by...
2026-06-11 14:44:11,089 [INFO]   [Realt] Parsed 30 ads
2026-06-11 14:44:11,189 [INFO] Checking Onliner...
2026-06-11 14:44:12,140 [INFO] No new listings.
2026-06-11 14:45:12,141 [INFO] --- Check [14:45:12] ---
2026-06-11 14:45:12,141 [INFO] Checking Kufar...
2026-06-11 14:45:15,037 [INFO]   [Kufar] Parsed 30 ads
2026-06-11 14:45:15,043 [INFO] Checking Realt.by...
2026-06-11 14:45:16,713 [INFO]   [Realt] Parsed 30 ads
2026-06-11 14:45:17,057 [INFO] Checking Onliner...
2026-06-11 14:45:18,981 [INFO] No new listings.
2026-06-11 14:46:18,982 [INFO] --- Check [14:46:18] ---
2026-06-11 14:46:18,982 [INFO] Checking Kufar...
2026-06-11 14:46:21,619 [INFO]   [Kufar] Parsed 30 ads
2026-06-11 14:46:21,624 [INFO] Checking Realt.by...
2026-06-11 14:46:22,778 [INFO]   [Realt] Parsed 30 ads
2026-06-11 14:46:23,099 [INFO] Checking Onliner...
2026-06-11 14:46:23,640 [INFO] No new listings.
2026-06-11 14:47:23,641 [INFO] --- Check [14:47:23] ---
2026-06-11 14:47:23,641 [INFO] Checking Kufar...
2026-06-11 14:47:26,099 [INFO]   [Kufar] Parsed 30 ads
2026-06-11 14:47:26,105 [INFO] Checking Realt.by...
2026-06-11 14:47:27,464 [INFO]   [Realt] Parsed 30 ads
2026-06-11 14:47:27,755 [INFO] Checking Onliner...
2026-06-11 14:47:29,078 [INFO] No new listings.
2026-06-11 14:48:29,078 [INFO] --- Check [14:48:29] ---
2026-06-11 14:48:29,079 [INFO] Checking Kufar...
2026-06-11 14:48:31,602 [INFO]   [Kufar] Parsed 30 ads
2026-06-11 14:48:31,607 [INFO] Checking Realt.by...
2026-06-11 14:48:32,868 [INFO]   [Realt] Parsed 30 ads
2026-06-11 14:48:33,189 [INFO] Checking Onliner...
2026-06-11 14:48:34,576 [INFO] No new listings.
2026-06-11 14:49:34,577 [INFO] --- Check [14:49:34] ---
2026-06-11 14:49:34,577 [INFO] Checking Kufar...
2026-06-11 14:49:39,169 [INFO]   [Kufar] Parsed 30 ads
2026-06-11 14:49:39,173 [INFO] Checking Realt.by...
2026-06-11 14:49:40,851 [INFO]   [Realt] Parsed 30 ads
2026-06-11 14:49:41,237 [INFO] Checking Onliner...
2026-06-11 14:49:42,031 [INFO] No new listings.
2026-06-11 14:50:42,032 [INFO] --- Check [14:50:42] ---
2026-06-11 14:50:42,032 [INFO] Checking Kufar...
2026-06-11 14:50:45,049 [INFO]   [Kufar] Parsed 30 ads
2026-06-11 14:50:45,054 [INFO] Checking Realt.by...
2026-06-11 14:50:46,331 [INFO]   [Realt] Parsed 30 ads
2026-06-11 14:50:46,669 [INFO] Checking Onliner...
2026-06-11 14:50:48,362 [INFO] No new listings.
2026-06-11 14:51:48,363 [INFO] --- Check [14:51:48] ---
2026-06-11 14:51:48,363 [INFO] Checking Kufar...
2026-06-11 14:51:52,326 [INFO]   [Kufar] Parsed 30 ads
2026-06-11 14:51:52,330 [INFO] Checking Realt.by...
2026-06-11 14:51:57,416 [INFO]   [Realt] Parsed 30 ads
2026-06-11 14:51:57,770 [INFO] Checking Onliner...
2026-06-11 14:51:58,692 [INFO] No new listings.
2026-06-11 14:52:58,693 [INFO] --- Check [14:52:58] ---
2026-06-11 14:52:58,694 [INFO] Checking Kufar...
2026-06-11 14:53:01,538 [INFO]   [Kufar] Parsed 30 ads
2026-06-11 14:53:01,542 [INFO] Checking Realt.by...
2026-06-11 14:53:03,489 [INFO]   [Realt] Parsed 30 ads
2026-06-11 14:53:03,801 [INFO]   NEW [Realt.by]: 1-комн., Минск Пензенская ул. 31 — 1000
2026-06-11 14:53:03,804 [INFO]      https://realt.by/rent/flat-for-long/9b00ccb0-51d9-11f1-8887-7b1794afa186/
2026-06-11 14:53:05,673 [INFO] Checking Onliner...
2026-06-11 14:54:06,756 [INFO] --- Check [14:54:06] ---
2026-06-11 14:54:06,756 [INFO] Checking Kufar...
2026-06-11 14:54:09,526 [INFO]   [Kufar] Parsed 30 ads
2026-06-11 14:54:09,538 [INFO] Checking Realt.by...
2026-06-11 14:54:10,965 [INFO]   [Realt] Parsed 30 ads
2026-06-11 14:54:11,246 [INFO] Checking Onliner...
2026-06-11 14:54:27,431 [INFO] No new listings.
2026-06-11 14:55:27,431 [INFO] --- Check [14:55:27] ---
2026-06-11 14:55:27,432 [INFO] Checking Kufar...
2026-06-11 14:55:33,366 [INFO]   [Kufar] Parsed 30 ads
2026-06-11 14:55:33,370 [INFO] Checking Realt.by...
2026-06-11 14:55:36,838 [INFO]   [Realt] Parsed 30 ads
2026-06-11 14:55:37,193 [INFO] Checking Onliner...
2026-06-11 14:55:39,007 [INFO] No new listings.
2026-06-11 14:56:39,008 [INFO] --- Check [14:56:39] ---
2026-06-11 14:56:39,009 [INFO] Checking Kufar...
2026-06-11 14:56:41,275 [INFO]   [Kufar] Parsed 30 ads
2026-06-11 14:56:41,281 [INFO] Checking Realt.by...
2026-06-11 14:56:42,412 [INFO]   [Realt] Parsed 30 ads
2026-06-11 14:56:42,735 [INFO] Checking Onliner...
2026-06-11 14:56:50,584 [INFO] No new listings.
